<?xml version="1.0" encoding="utf-8"?><testsuites><testsuite name="pytest" errors="0" failures="0" skipped="0" tests="5" time="0.361" timestamp="2026-01-18T01:40:15.180474+00:00" hostname="2e7b5405a4ad"><testcase classname="api.test_health" name="test_health" time="0.005" /><testcase classname="api.test_login_api" name="test_login_success" time="0.002" /><testcase classname="api.test_login_api" name="test_login_failure" time="0.001" /><testcase classname="ui.test_login_ui" name="test_ui_login_success" time="0.249" /><testcase classname="ui.test_login_ui" name="test_ui_login_failure" time="0.089" /></testsuite></testsuites>